// Jest Snapshot v1, https://goo.gl/fbAQLP

exports[`should render public Blog list item correctly 1`] = `
<Link
  className="list-item"
  replace={false}
  to="/read/1"
>
  <h3
    className="list-item__title"
  >
    mechanical engineering sucks
  </h3>
  <span
    className="list-item__subtitle"
  >
    1:00am, January 1st, 1970
  </span>
</Link>
`;
